---
source: src/ast_tests.rs
expression: f

---
node:
  BinOp:
    - node:
        Literal:
          node:
            Integer: 1
          span:
            - 0
            - 1
            - 100
      span:
        - 0
        - 1
        - 100
    - node: Plus
      span:
        - 2
        - 3
        - 100
    - node:
        Block:
          node:
            - Expr:
                node:
                  If:
                    - node:
                        Literal:
                          node:
                            Integer: 1
                          span:
                            - 8
                            - 9
                            - 100
                      span:
                        - 8
                        - 9
                        - 100
                    - node:
                        - Expr:
                            node:
                              Literal:
                                node:
                                  Integer: 2
                                span:
                                  - 11
                                  - 12
                                  - 100
                            span:
                              - 11
                              - 12
                              - 100
                      span:
                        - 10
                        - 13
                        - 100
                    - node:
                        - Expr:
                            node:
                              Literal:
                                node:
                                  Integer: 3
                                span:
                                  - 20
                                  - 21
                                  - 100
                            span:
                              - 20
                              - 21
                              - 100
                      span:
                        - 19
                        - 22
                        - 100
                span:
                  - 5
                  - 22
                  - 100
          span:
            - 4
            - 23
            - 100
      span:
        - 4
        - 23
        - 100
span:
  - 0
  - 23
  - 100

