---
source: src/ast_tests.rs
expression: f

---
name:
  node: c
  span:
    start: 3
    end: 4
    file_id: 100
args:
  node: []
  span:
    start: 4
    end: 6
    file_id: 100
ret: ~
body:
  node:
    - Let:
        - node: x
          span:
            start: 11
            end: 12
            file_id: 100
        - node:
            Var:
              node: y
              span:
                start: 15
                end: 16
                file_id: 100
          span:
            start: 15
            end: 16
            file_id: 100
  span:
    start: 6
    end: 17
    file_id: 100

