---
source: src/ast_tests.rs
expression: f

---
name:
  node: main
  span:
    - 3
    - 7
args:
  node: []
  span:
    - 7
    - 9
ret: ~
body:
  node:
    - Print:
        node:
          Var:
            node: a
            span:
              - 30
              - 31
        span:
          - 30
          - 31
    - Print:
        node:
          Var:
            node: b
            span:
              - 51
              - 52
        span:
          - 51
          - 52
    - Print:
        node:
          Var:
            node: xxxxxx
            span:
              - 72
              - 78
        span:
          - 72
          - 78
  span:
    - 10
    - 92

