---
source: src/ast_tests.rs
expression: f

---
name:
  node: main
  span:
    - 3
    - 7
args:
  node: []
  span:
    - 7
    - 9
ret: ~
body:
  node:
    - Print:
        Var:
          node: a
          span:
            - 30
            - 31
    - Print:
        Var:
          node: b
          span:
            - 51
            - 52
    - Print:
        Var:
          node: xxxxxx
          span:
            - 72
            - 78
  span:
    - 10
    - 92

