---
source: src/ast_tests.rs
expression: f

---
BinOp:
  - Literal:
      node:
        Integer: 1
      span:
        - 0
        - 1
  - node: Plus
    span:
      - 2
      - 3
  - Block:
      node:
        - Expr:
            If:
              - Literal:
                  node:
                    Integer: 1
                  span:
                    - 8
                    - 9
              - - Expr:
                    Literal:
                      node:
                        Integer: 2
                      span:
                        - 11
                        - 12
              - - Expr:
                    Literal:
                      node:
                        Integer: 3
                      span:
                        - 20
                        - 21
      span:
        - 4
        - 23

