---
source: src/ast_tests.rs
expression: f

---
Print:
  node:
    BinOp:
      - node:
          Literal:
            node:
              String: "2"
            span:
              - 6
              - 9
              - 100
        span:
          - 6
          - 9
          - 100
      - node: Plus
        span:
          - 10
          - 11
          - 100
      - node:
          Literal:
            node:
              String: "3"
            span:
              - 12
              - 15
              - 100
        span:
          - 12
          - 15
          - 100
  span:
    - 6
    - 15
    - 100

