---
source: src/ast_tests.rs
expression: f

---
name:
  node: main
  span:
    - 3
    - 7
    - 100
args:
  node: []
  span:
    - 7
    - 9
    - 100
ret: ~
body:
  node:
    - Print:
        node:
          Var:
            node: a
            span:
              - 30
              - 31
              - 100
        span:
          - 30
          - 31
          - 100
    - Print:
        node:
          Var:
            node: b
            span:
              - 51
              - 52
              - 100
        span:
          - 51
          - 52
          - 100
    - Print:
        node:
          Var:
            node: xxxxxx
            span:
              - 72
              - 78
              - 100
        span:
          - 72
          - 78
          - 100
  span:
    - 10
    - 92
    - 100

