---
source: src/ast_tests.rs
expression: f

---
name:
  node: main
  span:
    - 3
    - 7
args:
  node: []
  span:
    - 7
    - 9
ret: ~
body:
  node:
    - Let:
        - node: z
          span:
            - 16
            - 17
        - FieldAccess:
            - Var:
                node: a
                span:
                  - 20
                  - 21
            - node: b
              span:
                - 22
                - 23
  span:
    - 10
    - 25

