---
source: src/ast_tests.rs
expression: f

---
name:
  node: d
  span:
    - 3
    - 4
    - 100
args:
  node: []
  span:
    - 4
    - 6
    - 100
ret: ~
body:
  node:
    - Let:
        - node: x
          span:
            - 12
            - 13
            - 100
        - node:
            Block:
              node:
                - Expr:
                    node:
                      Var:
                        node: y
                        span:
                          - 17
                          - 18
                          - 100
                    span:
                      - 17
                      - 18
                      - 100
              span:
                - 16
                - 19
                - 100
          span:
            - 16
            - 19
            - 100
  span:
    - 6
    - 21
    - 100

