---
source: src/ast_tests.rs
expression: f

---
name:
  node: bar
  span:
    - 3
    - 6
    - 100
args:
  node:
    - name:
        node: x
        span:
          - 7
          - 8
          - 100
      ty:
        node: Int
        span:
          - 9
          - 12
          - 100
  span:
    - 6
    - 13
    - 100
ret: ~
body:
  node: []
  span:
    - 13
    - 15
    - 100

