---
source: src/ast_tests.rs
expression: f

---
name:
  node: main
  span:
    - 3
    - 7
    - 100
args:
  node: []
  span:
    - 7
    - 9
    - 100
ret: ~
body:
  node:
    - Let:
        - node: z
          span:
            - 15
            - 16
            - 100
        - node:
            FieldAccess:
              - node:
                  FieldAccess:
                    - node:
                        Var:
                          node: a
                          span:
                            - 19
                            - 20
                            - 100
                      span:
                        - 19
                        - 20
                        - 100
                    - node: b
                      span:
                        - 21
                        - 22
                        - 100
                span:
                  - 19
                  - 22
                  - 100
              - node: c
                span:
                  - 23
                  - 24
                  - 100
          span:
            - 19
            - 24
            - 100
  span:
    - 10
    - 26
    - 100

