---
source: src/ast_tests.rs
expression: f

---
name:
  node: main
  span:
    - 3
    - 7
args:
  node: []
  span:
    - 7
    - 9
ret: ~
body:
  node:
    - Expr:
        If:
          - Var: x
          - - Expr:
                Var: xf
            - Let:
                - node: z
                  span:
                    - 71
                    - 72
                - Var: d
          - - Expr:
                Var: noo
    - Print:
        Var: hell
  span:
    - 10
    - 167

