---
source: src/ast_tests.rs
expression: f

---
Print:
  node:
    BinOp:
      - node:
          Literal:
            node:
              String: "2"
            span:
              start: 6
              end: 9
              file_id: 100
        span:
          start: 6
          end: 9
          file_id: 100
      - node: Plus
        span:
          start: 10
          end: 11
          file_id: 100
      - node:
          Literal:
            node:
              String: "3"
            span:
              start: 12
              end: 15
              file_id: 100
        span:
          start: 12
          end: 15
          file_id: 100
  span:
    start: 6
    end: 15
    file_id: 100

