---
source: src/ast_tests.rs
expression: f

---
name:
  node: main
  span:
    - 3
    - 7
    - 100
args:
  node: []
  span:
    - 7
    - 9
    - 100
ret: ~
body:
  node:
    - Expr:
        node:
          If:
            - node:
                Var:
                  node: x
                  span:
                    - 27
                    - 28
                    - 100
              span:
                - 27
                - 28
                - 100
            - node:
                - Expr:
                    node:
                      Var:
                        node: xf
                        span:
                          - 47
                          - 49
                          - 100
                    span:
                      - 47
                      - 49
                      - 100
                - Let:
                    - node: z
                      span:
                        - 71
                        - 72
                        - 100
                    - node:
                        Var:
                          node: d
                          span:
                            - 75
                            - 76
                            - 100
                      span:
                        - 75
                        - 76
                        - 100
              span:
                - 29
                - 91
                - 100
            - node:
                - Expr:
                    node:
                      Var:
                        node: noo
                        span:
                          - 115
                          - 118
                          - 100
                    span:
                      - 115
                      - 118
                      - 100
              span:
                - 97
                - 133
                - 100
        span:
          - 24
          - 133
          - 100
    - Print:
        node:
          Var:
            node: hell
            span:
              - 153
              - 157
              - 100
        span:
          - 153
          - 157
          - 100
  span:
    - 10
    - 167
    - 100

