---
source: src/ast_tests.rs
expression: f

---
name:
  node: f
  span:
    - 3
    - 4
args:
  node: []
  span:
    - 4
    - 6
ret: ~
body:
  node:
    - Expr:
        Block:
          - Let:
              - node: a
                span:
                  - 13
                  - 14
              - Var: b
          - Let:
              - node: c
                span:
                  - 24
                  - 25
              - Block:
                  - Expr:
                      Var: d
                  - Expr:
                      Var: e
    - Expr:
        Var: f
  span:
    - 6
    - 38

