---
source: src/ast_tests.rs
expression: f

---
name:
  node: e
  span:
    - 3
    - 4
args:
  node: []
  span:
    - 4
    - 6
ret: ~
body:
  node:
    - Let:
        - node: x
          span:
            - 11
            - 12
        - Block:
            node:
              - Expr:
                  Var:
                    node: x
                    span:
                      - 16
                      - 17
              - Expr:
                  Var:
                    node: y
                    span:
                      - 18
                      - 19
              - Expr:
                  Var:
                    node: z
                    span:
                      - 20
                      - 21
            span:
              - 15
              - 23
  span:
    - 6
    - 24

