---
source: src/ast_tests.rs
expression: f

---
name:
  node: bar
  span:
    start: 3
    end: 6
    file_id: 100
args:
  node:
    - name:
        node: x
        span:
          start: 7
          end: 8
          file_id: 100
      ty:
        node: Int
        span:
          start: 9
          end: 12
          file_id: 100
  span:
    start: 6
    end: 13
    file_id: 100
ret: ~
body:
  node: []
  span:
    start: 13
    end: 15
    file_id: 100

