---
source: src/ast_tests.rs
expression: f

---
name:
  node: main
  span:
    - 3
    - 7
args:
  node: []
  span:
    - 7
    - 9
ret: ~
body:
  node:
    - Let:
        - node: z
          span:
            - 16
            - 17
        - FieldAccess:
            - Var: a
            - b
  span:
    - 10
    - 25

