---
source: src/ast_tests.rs
expression: f

---
name:
  node: e
  span:
    - 3
    - 4
    - 100
args:
  node: []
  span:
    - 4
    - 6
    - 100
ret: ~
body:
  node:
    - Let:
        - node: x
          span:
            - 11
            - 12
            - 100
        - node:
            Block:
              node:
                - Expr:
                    node:
                      Var:
                        node: x
                        span:
                          - 16
                          - 17
                          - 100
                    span:
                      - 16
                      - 17
                      - 100
                - Expr:
                    node:
                      Var:
                        node: y
                        span:
                          - 18
                          - 19
                          - 100
                    span:
                      - 18
                      - 19
                      - 100
                - Expr:
                    node:
                      Var:
                        node: z
                        span:
                          - 20
                          - 21
                          - 100
                    span:
                      - 20
                      - 21
                      - 100
              span:
                - 15
                - 23
                - 100
          span:
            - 15
            - 23
            - 100
  span:
    - 6
    - 24
    - 100

