---
source: src/ast_tests.rs
expression: f

---
name:
  node: f
  span:
    - 3
    - 4
args:
  node: []
  span:
    - 4
    - 6
ret: ~
body:
  node:
    - Expr:
        Block:
          node:
            - Let:
                - node: a
                  span:
                    - 13
                    - 14
                - Var:
                    node: b
                    span:
                      - 17
                      - 18
            - Let:
                - node: c
                  span:
                    - 24
                    - 25
                - Block:
                    node:
                      - Expr:
                          Var:
                            node: d
                            span:
                              - 29
                              - 30
                      - Expr:
                          Var:
                            node: e
                            span:
                              - 31
                              - 32
                    span:
                      - 28
                      - 33
          span:
            - 8
            - 34
    - Expr:
        Var:
          node: f
          span:
            - 36
            - 37
  span:
    - 6
    - 38

