---
source: src/ast_tests.rs
expression: f

---
Expr:
  For:
    - i
    - If:
        - Var:
            node: a
            span:
              - 12
              - 13
        - node: []
          span:
            - 14
            - 16
        - node: []
          span:
            - 22
            - 24
    - node:
        - Expr:
            Var:
              node: e
              span:
                - 26
                - 27
      span:
        - 25
        - 29

