---
source: src/ast_tests.rs
expression: f

---
Print:
  node:
    BinOp:
      - node:
          Literal:
            node:
              Integer: 1
            span:
              - 6
              - 7
        span:
          - 6
          - 7
      - node: Plus
        span:
          - 8
          - 9
      - node:
          If:
            - node:
                Var:
                  node: z
                  span:
                    - 14
                    - 15
              span:
                - 14
                - 15
            - node: []
              span:
                - 16
                - 18
            - node: []
              span:
                - 22
                - 24
        span:
          - 10
          - 25
  span:
    - 6
    - 25

