---
source: src/ast_tests.rs
expression: f

---
BinOp:
  - Literal:
      Integer: 1
  - Plus
  - Block:
      - Expr:
          If:
            - Literal:
                Integer: 1
            - - Expr:
                  Literal:
                    Integer: 2
            - - Expr:
                  Literal:
                    Integer: 3

