---
source: src/ast_tests.rs
expression: f

---
Print:
  node:
    BinOp:
      - node:
          Literal:
            node:
              Integer: 1
            span:
              start: 6
              end: 7
              file_id: 100
        span:
          start: 6
          end: 7
          file_id: 100
      - node: Plus
        span:
          start: 8
          end: 9
          file_id: 100
      - node:
          If:
            - node:
                Var:
                  node: z
                  span:
                    start: 13
                    end: 14
                    file_id: 100
              span:
                start: 13
                end: 14
                file_id: 100
            - node: []
              span:
                start: 15
                end: 17
                file_id: 100
            - node: []
              span:
                start: 21
                end: 23
                file_id: 100
        span:
          start: 10
          end: 23
          file_id: 100
  span:
    start: 6
    end: 23
    file_id: 100

