---
source: src/ast_tests.rs
expression: f

---
name:
  node: baz
  span:
    start: 3
    end: 6
    file_id: 100
args:
  node: []
  span:
    start: 6
    end: 8
    file_id: 100
ret:
  node: String
  span:
    start: 10
    end: 16
    file_id: 100
body:
  node: []
  span:
    start: 16
    end: 18
    file_id: 100

