---
source: src/ast_tests.rs
expression: f

---
name:
  node: a
  span:
    - 3
    - 4
    - 100
args:
  node: []
  span:
    - 4
    - 6
    - 100
ret: ~
body:
  node:
    - Expr:
        node:
          Var:
            node: a
            span:
              - 7
              - 8
              - 100
        span:
          - 7
          - 8
          - 100
    - Expr:
        node:
          Var:
            node: b
            span:
              - 9
              - 10
              - 100
        span:
          - 9
          - 10
          - 100
    - Expr:
        node:
          Var:
            node: c
            span:
              - 11
              - 12
              - 100
        span:
          - 11
          - 12
          - 100
  span:
    - 6
    - 14
    - 100

