---
source: src/ast_tests.rs
expression: f

---
Print:
  BinOp:
    - Literal:
        node:
          String: "2"
        span:
          - 6
          - 9
    - node: Plus
      span:
        - 10
        - 11
    - Literal:
        node:
          String: "3"
        span:
          - 12
          - 15

