---
source: src/ast_tests.rs
expression: f

---
- Function:
    node:
      name:
        node: hello
        span:
          - 3
          - 8
      args:
        node: []
        span:
          - 8
          - 10
      ret: ~
      body:
        node:
          - Print:
              Literal:
                String: hello
        span:
          - 11
          - 27
    span:
      - 0
      - 27
- Function:
    node:
      name:
        node: world
        span:
          - 43
          - 48
      args:
        node: []
        span:
          - 48
          - 50
      ret: ~
      body:
        node:
          - Print:
              Literal:
                String: world
        span:
          - 51
          - 69
    span:
      - 40
      - 69
- Function:
    node:
      name:
        node: main
        span:
          - 85
          - 89
      args:
        node: []
        span:
          - 89
          - 91
      ret: ~
      body:
        node:
          - Expr:
              Call:
                - Var: hello
                - []
          - Expr:
              Call:
                - Var: world
                - []
        span:
          - 92
          - 157
    span:
      - 82
      - 157

