---
source: src/ast_tests.rs
expression: f

---
Let:
  - node: x
    span:
      - 4
      - 5
      - 100
  - node:
      If:
        - node:
            Var:
              node: a
              span:
                - 11
                - 12
                - 100
          span:
            - 11
            - 12
            - 100
        - node:
            - Expr:
                node:
                  Var:
                    node: b
                    span:
                      - 14
                      - 15
                      - 100
                span:
                  - 14
                  - 15
                  - 100
          span:
            - 13
            - 16
            - 100
        - node:
            - Expr:
                node:
                  Var:
                    node: c
                    span:
                      - 23
                      - 24
                      - 100
                span:
                  - 23
                  - 24
                  - 100
          span:
            - 22
            - 25
            - 100
    span:
      - 8
      - 25
      - 100

