---
source: src/ast_tests.rs
expression: f

---
BinOp:
  - BinOp:
      - BinOp:
          - UnaryOp:
              - node: Minus
                span:
                  - 1
                  - 2
              - Literal:
                  node:
                    Integer: 1
                  span:
                    - 2
                    - 3
          - node: Plus
            span:
              - 4
              - 5
          - Literal:
              node:
                Integer: 2
              span:
                - 6
                - 7
      - node: Times
        span:
          - 9
          - 10
      - Literal:
          node:
            Integer: 3
          span:
            - 11
            - 12
  - node: Minus
    span:
      - 13
      - 14
  - UnaryOp:
      - node: Minus
        span:
          - 15
          - 16
      - Literal:
          node:
            Integer: 4
          span:
            - 16
            - 17

