---
source: src/ast_tests.rs
expression: f

---
Print:
  node:
    BinOp:
      - node:
          Literal:
            node:
              Integer: 1
            span:
              - 6
              - 7
              - 100
        span:
          - 6
          - 7
          - 100
      - node: Plus
        span:
          - 8
          - 9
          - 100
      - node:
          If:
            - node:
                Var:
                  node: z
                  span:
                    - 13
                    - 14
                    - 100
              span:
                - 13
                - 14
                - 100
            - node: []
              span:
                - 15
                - 17
                - 100
            - node: []
              span:
                - 21
                - 23
                - 100
        span:
          - 10
          - 23
          - 100
  span:
    - 6
    - 23
    - 100

