---
source: src/ast_tests.rs
expression: f

---
Expr:
  While:
    - If:
        - Var:
            node: x
            span:
              - 9
              - 10
        - node:
            - Expr:
                Literal:
                  node:
                    Bool: false
                  span:
                    - 11
                    - 16
          span:
            - 10
            - 17
        - node:
            - Expr:
                Literal:
                  node:
                    Bool: true
                  span:
                    - 22
                    - 26
          span:
            - 21
            - 27
    - node:
        - Print:
            BinOp:
              - Literal:
                  node:
                    Integer: 1
                  span:
                    - 44
                    - 45
              - node: Plus
                span:
                  - 46
                  - 47
              - If:
                  - Var:
                      node: z
                      span:
                        - 52
                        - 53
                  - node:
                      - Expr:
                          Var:
                            node: a
                            span:
                              - 55
                              - 56
                    span:
                      - 54
                      - 57
                  - node:
                      - Expr:
                          Var:
                            node: d
                            span:
                              - 64
                              - 65
                    span:
                      - 63
                      - 66
        - Expr:
            For:
              - i
              - While:
                  - Var:
                      node: foo
                      span:
                        - 92
                        - 95
                  - node:
                      - Expr:
                          Var:
                            node: bar
                            span:
                              - 97
                              - 100
                    span:
                      - 96
                      - 101
              - node:
                  - Print:
                      Var:
                        node: zany
                        span:
                          - 122
                          - 126
                span:
                  - 102
                  - 137
      span:
        - 28
        - 143

