---
source: src/ast_tests.rs
expression: f

---
name:
  node: main
  span:
    - 3
    - 7
args:
  node: []
  span:
    - 7
    - 9
ret: ~
body:
  node:
    - Expr:
        node:
          If:
            - node:
                Var:
                  node: x
                  span:
                    - 27
                    - 28
              span:
                - 27
                - 28
            - node:
                - Expr:
                    node:
                      Var:
                        node: y
                        span:
                          - 47
                          - 48
                    span:
                      - 47
                      - 48
              span:
                - 29
                - 62
            - ~
        span:
          - 24
          - 62
  span:
    - 10
    - 72

