---
source: src/ast_tests.rs
expression: f

---
name:
  node: baz
  span:
    - 3
    - 6
args:
  node:
    - name:
        node: y
        span:
          - 7
          - 8
      ty:
        node: Int
        span:
          - 9
          - 12
    - name:
        node: z
        span:
          - 13
          - 14
      ty:
        node: String
        span:
          - 15
          - 21
  span:
    - 6
    - 22
ret: ~
body:
  node: []
  span:
    - 22
    - 24

