---
source: src/ast_tests.rs
expression: f

---
Expr:
  node:
    While:
      - node:
          If:
            - node:
                Var:
                  node: x
                  span:
                    start: 9
                    end: 10
                    file_id: 100
              span:
                start: 9
                end: 10
                file_id: 100
            - node:
                - Expr:
                    node:
                      Literal:
                        node:
                          Bool: false
                        span:
                          start: 11
                          end: 16
                          file_id: 100
                    span:
                      start: 11
                      end: 16
                      file_id: 100
              span:
                start: 10
                end: 17
                file_id: 100
            - node:
                - Expr:
                    node:
                      Literal:
                        node:
                          Bool: true
                        span:
                          start: 22
                          end: 26
                          file_id: 100
                    span:
                      start: 22
                      end: 26
                      file_id: 100
              span:
                start: 21
                end: 27
                file_id: 100
        span:
          start: 6
          end: 27
          file_id: 100
      - node:
          - Print:
              node:
                BinOp:
                  - node:
                      Literal:
                        node:
                          Integer: 1
                        span:
                          start: 44
                          end: 45
                          file_id: 100
                    span:
                      start: 44
                      end: 45
                      file_id: 100
                  - node: Plus
                    span:
                      start: 46
                      end: 47
                      file_id: 100
                  - node:
                      If:
                        - node:
                            Var:
                              node: z
                              span:
                                start: 52
                                end: 53
                                file_id: 100
                          span:
                            start: 52
                            end: 53
                            file_id: 100
                        - node:
                            - Expr:
                                node:
                                  Var:
                                    node: a
                                    span:
                                      start: 55
                                      end: 56
                                      file_id: 100
                                span:
                                  start: 55
                                  end: 56
                                  file_id: 100
                          span:
                            start: 54
                            end: 57
                            file_id: 100
                        - node:
                            - Expr:
                                node:
                                  Var:
                                    node: d
                                    span:
                                      start: 64
                                      end: 65
                                      file_id: 100
                                span:
                                  start: 64
                                  end: 65
                                  file_id: 100
                          span:
                            start: 63
                            end: 66
                            file_id: 100
                    span:
                      start: 48
                      end: 67
                      file_id: 100
              span:
                start: 44
                end: 67
                file_id: 100
          - Expr:
              node:
                For:
                  - node: i
                    span:
                      start: 81
                      end: 82
                      file_id: 100
                  - node:
                      While:
                        - node:
                            Var:
                              node: foo
                              span:
                                start: 92
                                end: 95
                                file_id: 100
                          span:
                            start: 92
                            end: 95
                            file_id: 100
                        - node:
                            - Expr:
                                node:
                                  Var:
                                    node: bar
                                    span:
                                      start: 97
                                      end: 100
                                      file_id: 100
                                span:
                                  start: 97
                                  end: 100
                                  file_id: 100
                          span:
                            start: 96
                            end: 101
                            file_id: 100
                    span:
                      start: 86
                      end: 101
                      file_id: 100
                  - node:
                      - Print:
                          node:
                            Var:
                              node: zany
                              span:
                                start: 122
                                end: 126
                                file_id: 100
                          span:
                            start: 122
                            end: 126
                            file_id: 100
                    span:
                      start: 102
                      end: 137
                      file_id: 100
              span:
                start: 77
                end: 137
                file_id: 100
        span:
          start: 28
          end: 143
          file_id: 100
  span:
    start: 0
    end: 143
    file_id: 100

