---
source: src/ast_tests.rs
expression: f

---
name:
  node: b
  span:
    - 3
    - 4
    - 100
args:
  node: []
  span:
    - 4
    - 6
    - 100
ret: ~
body:
  node:
    - Let:
        - node: x
          span:
            - 11
            - 12
            - 100
        - node:
            Var:
              node: y
              span:
                - 15
                - 16
                - 100
          span:
            - 15
            - 16
            - 100
  span:
    - 6
    - 18
    - 100

