---
source: src/ast_tests.rs
expression: f

---
name:
  node: d
  span:
    - 3
    - 4
args:
  node: []
  span:
    - 4
    - 6
ret: ~
body:
  node:
    - Let:
        - node: x
          span:
            - 12
            - 13
        - Block:
            - Expr:
                Var: y
  span:
    - 6
    - 21

