---
source: src/ast_tests.rs
expression: f

---
Expr:
  For:
    - i
    - If:
        - Var:
            node: a
            span:
              - 12
              - 13
        - []
        - []
    - - Expr:
          Var:
            node: e
            span:
              - 26
              - 27

