---
source: src/ast_tests.rs
expression: f

---
BinOp:
  - Literal:
      node:
        Integer: 2
      span:
        - 0
        - 1
  - node: Plus
    span:
      - 1
      - 2
  - BinOp:
      - Literal:
          node:
            Integer: 4
          span:
            - 2
            - 3
      - node: Times
        span:
          - 3
          - 4
      - Literal:
          node:
            Integer: 3
          span:
            - 4
            - 5

