---
source: src/ast_tests.rs
expression: f

---
Function:
  node:
    name:
      node: main
      span:
        - 3
        - 7
        - 100
    args:
      node: []
      span:
        - 7
        - 9
        - 100
    ret: ~
    body:
      node: []
      span:
        - 9
        - 11
        - 100
  span:
    - 0
    - 11
    - 100

