---
source: src/ast_tests.rs
expression: f

---
Print:
  node:
    BinOp:
      - node:
          Literal:
            node:
              Integer: 1
            span:
              start: 6
              end: 7
              file_id: 100
        span:
          start: 6
          end: 7
          file_id: 100
      - node: Plus
        span:
          start: 8
          end: 9
          file_id: 100
      - node:
          If:
            - node:
                Var:
                  node: z
                  span:
                    start: 14
                    end: 15
                    file_id: 100
              span:
                start: 14
                end: 15
                file_id: 100
            - node: []
              span:
                start: 16
                end: 18
                file_id: 100
            - node: []
              span:
                start: 22
                end: 24
                file_id: 100
        span:
          start: 10
          end: 25
          file_id: 100
  span:
    start: 6
    end: 25
    file_id: 100

